ld: warning: object file (/Users/hans/Code/GAMES/kill zone/ios/VictoriaKillZone/.build/arm64-apple-macosx/debug/libconvexmobile.a[412](a_object.c.o)) was built for newer 'macOS' version (26.2) than being linked (14.0)
ld: warning: object file (/Users/hans/Code/GAMES/kill zone/ios/VictoriaKillZone/.build/arm64-apple-macosx/debug/libconvexmobile.a[431](posix_time.c.o)) was built for newer 'macOS' version (26.2) than being linked (14.0)
ld: warning: object file (/Users/hans/Code/GAMES/kill zone/ios/VictoriaKillZone/.build/arm64-apple-macosx/debug/libconvexmobile.a[433](bio.c.o)) was built for newer 'macOS' version (26.2) than being linked (14.0)
ld: warning: object file (/Users/hans/Code/GAMES/kill zone/ios/VictoriaKillZone/.build/arm64-apple-macosx/debug/libconvexmobile.a[440](file.c.o)) was built for newer 'macOS' version (26.2) than being linked (14.0)
ld: warning: object file (/Users/hans/Code/GAMES/kill zone/ios/VictoriaKillZone/.build/arm64-apple-macosx/debug/libconvexmobile.a[444](printf.c.o)) was built for newer 'macOS' version (26.2) than being linked (14.0)
ld: warning: object file (/Users/hans/Code/GAMES/kill zone/ios/VictoriaKillZone/.build/arm64-apple-macosx/debug/libconvexmobile.a[447](blake2.c.o)) was built for newer 'macOS' version (26.2) than being linked (14.0)
ld: warning: object file (/Users/hans/Code/GAMES/kill zone/ios/VictoriaKillZone/.build/arm64-apple-macosx/debug/libconvexmobile.a[448](bn_asn1.c.o)) was built for newer 'macOS' version (26.2) than being linked (14.0)
ld: warning: object file (/Users/hans/Code/GAMES/kill zone/ios/VictoriaKillZone/.build/arm64-apple-macosx/debug/libconvexmobile.a[449](convert.c.o)) was built for newer 'macOS' version (26.2) than being linked (14.0)
ld: warning: object file (/Users/hans/Code/GAMES/kill zone/ios/VictoriaKillZone/.build/arm64-apple-macosx/debug/libconvexmobile.a[451](asn1_compat.c.o)) was built for newer 'macOS' version (26.2) than being linked (14.0)
ld: warning: object file (/Users/hans/Code/GAMES/kill zone/ios/VictoriaKillZone/.build/arm64-apple-macosx/debug/libconvexmobile.a[453](cbb.c.o)) was built for newer 'macOS' version (26.2) than being linked (14.0)
ld: warning: object file (/Users/hans/Code/GAMES/kill zone/ios/VictoriaKillZone/.build/arm64-apple-macosx/debug/libconvexmobile.a[454](cbs.c.o)) was built for newer 'macOS' version (26.2) than being linked (14.0)
ld: warning: object file (/Users/hans/Code/GAMES/kill zone/ios/VictoriaKillZone/.build/arm64-apple-macosx/debug/libconvexmobile.a[456](chacha.c.o)) was built for newer 'macOS' version (26.2) than being linked (14.0)
ld: warning: object file (/Users/hans/Code/GAMES/kill zone/ios/VictoriaKillZone/.build/arm64-apple-macosx/debug/libconvexmobile.a[460](e_aesgcmsiv.c.o)) was built for newer 'macOS' version (26.2) than being linked (14.0)
ld: warning: object file (/Users/hans/Code/GAMES/kill zone/ios/VictoriaKillZone/.build/arm64-apple-macosx/debug/libconvexmobile.a[461](e_chacha20poly1305.c.o)) was built for newer 'macOS' version (26.2) than being linked (14.0)
ld: warning: object file (/Users/hans/Code/GAMES/kill zone/ios/VictoriaKillZone/.build/arm64-apple-macosx/debug/libconvexmobile.a[471](console.c.o)) was built for newer 'macOS' version (26.2) than being linked (14.0)
ld: warning: object file (/Users/hans/Code/GAMES/kill zone/ios/VictoriaKillZone/.build/arm64-apple-macosx/debug/libconvexmobile.a[472](crypto.c.o)) was built for newer 'macOS' version (26.2) than being linked (14.0)
ld: warning: object file (/Users/hans/Code/GAMES/kill zone/ios/VictoriaKillZone/.build/arm64-apple-macosx/debug/libconvexmobile.a[474](params.c.o)) was built for newer 'macOS' version (26.2) than being linked (14.0)
ld: warning: object file (/Users/hans/Code/GAMES/kill zone/ios/VictoriaKillZone/.build/arm64-apple-macosx/debug/libconvexmobile.a[475](dh_asn1.c.o)) was built for newer 'macOS' version (26.2) than being linked (14.0)
ld: warning: object file (/Users/hans/Code/GAMES/kill zone/ios/VictoriaKillZone/.build/arm64-apple-macosx/debug/libconvexmobile.a[476](digest_extra.c.o)) was built for newer 'macOS' version (26.2) than being linked (14.0)
ld: warning: object file (/Users/hans/Code/GAMES/kill zone/ios/VictoriaKillZone/.build/arm64-apple-macosx/debug/libconvexmobile.a[477](dsa.c.o)) was built for newer 'macOS' version (26.2) than being linked (14.0)
ld: warning: object file (/Users/hans/Code/GAMES/kill zone/ios/VictoriaKillZone/.build/arm64-apple-macosx/debug/libconvexmobile.a[478](dsa_asn1.c.o)) was built for newer 'macOS' version (26.2) than being linked (14.0)
ld: warning: object file (/Users/hans/Code/GAMES/kill zone/ios/VictoriaKillZone/.build/arm64-apple-macosx/debug/libconvexmobile.a[480](ecdsa_asn1.c.o)) was built for newer 'macOS' version (26.2) than being linked (14.0)
ld: warning: object file (/Users/hans/Code/GAMES/kill zone/ios/VictoriaKillZone/.build/arm64-apple-macosx/debug/libconvexmobile.a[481](ec_asn1.c.o)) was built for newer 'macOS' version (26.2) than being linked (14.0)
ld: warning: object file (/Users/hans/Code/GAMES/kill zone/ios/VictoriaKillZone/.build/arm64-apple-macosx/debug/libconvexmobile.a[484](err.c.o)) was built for newer 'macOS' version (26.2) than being linked (14.0)
ld: warning: object file (/Users/hans/Code/GAMES/kill zone/ios/VictoriaKillZone/.build/arm64-apple-macosx/debug/libconvexmobile.a[485](err_data.c.o)) was built for newer 'macOS' version (26.2) than being linked (14.0)
ld: warning: object file (/Users/hans/Code/GAMES/kill zone/ios/VictoriaKillZone/.build/arm64-apple-macosx/debug/libconvexmobile.a[486](engine.c.o)) was built for newer 'macOS' version (26.2) than being linked (14.0)
ld: warning: object file (/Users/hans/Code/GAMES/kill zone/ios/VictoriaKillZone/.build/arm64-apple-macosx/debug/libconvexmobile.a[487](evp_asn1.c.o)) was built for newer 'macOS' version (26.2) than being linked (14.0)
ld: warning: object file (/Users/hans/Code/GAMES/kill zone/ios/VictoriaKillZone/.build/arm64-apple-macosx/debug/libconvexmobile.a[488](p_dh.c.o)) was built for newer 'macOS' version (26.2) than being linked (14.0)
ld: warning: object file (/Users/hans/Code/GAMES/kill zone/ios/VictoriaKillZone/.build/arm64-apple-macosx/debug/libconvexmobile.a[489](p_dh_asn1.c.o)) was built for newer 'macOS' version (26.2) than being linked (14.0)
ld: warning: object file (/Users/hans/Code/GAMES/kill zone/ios/VictoriaKillZone/.build/arm64-apple-macosx/debug/libconvexmobile.a[490](p_dsa.c.o)) was built for newer 'macOS' version (26.2) than being linked (14.0)
ld: warning: object file (/Users/hans/Code/GAMES/kill zone/ios/VictoriaKillZone/.build/arm64-apple-macosx/debug/libconvexmobile.a[491](p_dsa_asn1.c.o)) was built for newer 'macOS' version (26.2) than being linked (14.0)
ld: warning: object file (/Users/hans/Code/GAMES/kill zone/ios/VictoriaKillZone/.build/arm64-apple-macosx/debug/libconvexmobile.a[492](p_ec_asn1.c.o)) was built for newer 'macOS' version (26.2) than being linked (14.0)
ld: warning: object file (/Users/hans/Code/GAMES/kill zone/ios/VictoriaKillZone/.build/arm64-apple-macosx/debug/libconvexmobile.a[493](p_ed25519_asn1.c.o)) was built for newer 'macOS' version (26.2) than being linked (14.0)
ld: warning: object file (/Users/hans/Code/GAMES/kill zone/ios/VictoriaKillZone/.build/arm64-apple-macosx/debug/libconvexmobile.a[494](p_hmac_asn1.c.o)) was built for newer 'macOS' version (26.2) than being linked (14.0)
ld: warning: object file (/Users/hans/Code/GAMES/kill zone/ios/VictoriaKillZone/.build/arm64-apple-macosx/debug/libconvexmobile.a[495](p_kem_asn1.c.o)) was built for newer 'macOS' version (26.2) than being linked (14.0)
ld: warning: object file (/Users/hans/Code/GAMES/kill zone/ios/VictoriaKillZone/.build/arm64-apple-macosx/debug/libconvexmobile.a[496](p_pqdsa_asn1.c.o)) was built for newer 'macOS' version (26.2) than being linked (14.0)
ld: warning: object file (/Users/hans/Code/GAMES/kill zone/ios/VictoriaKillZone/.build/arm64-apple-macosx/debug/libconvexmobile.a[497](p_rsa_asn1.c.o)) was built for newer 'macOS' version (26.2) than being linked (14.0)
ld: warning: object file (/Users/hans/Code/GAMES/kill zone/ios/VictoriaKillZone/.build/arm64-apple-macosx/debug/libconvexmobile.a[498](p_x25519.c.o)) was built for newer 'macOS' version (26.2) than being linked (14.0)
ld: warning: object file (/Users/hans/Code/GAMES/kill zone/ios/VictoriaKillZone/.build/arm64-apple-macosx/debug/libconvexmobile.a[499](p_x25519_asn1.c.o)) was built for newer 'macOS' version (26.2) than being linked (14.0)
ld: warning: object file (/Users/hans/Code/GAMES/kill zone/ios/VictoriaKillZone/.build/arm64-apple-macosx/debug/libconvexmobile.a[500](p_methods.c.o)) was built for newer 'macOS' version (26.2) than being linked (14.0)
ld: warning: object file (/Users/hans/Code/GAMES/kill zone/ios/VictoriaKillZone/.build/arm64-apple-macosx/debug/libconvexmobile.a[501](print.c.o)) was built for newer 'macOS' version (26.2) than being linked (14.0)
ld: warning: object file (/Users/hans/Code/GAMES/kill zone/ios/VictoriaKillZone/.build/arm64-apple-macosx/debug/libconvexmobile.a[504](ex_data.c.o)) was built for newer 'macOS' version (26.2) than being linked (14.0)
ld: warning: object file (/Users/hans/Code/GAMES/kill zone/ios/VictoriaKillZone/.build/arm64-apple-macosx/debug/libconvexmobile.a[507](kyber512r3_ref.c.o)) was built for newer 'macOS' version (26.2) than being linked (14.0)
ld: warning: object file (/Users/hans/Code/GAMES/kill zone/ios/VictoriaKillZone/.build/arm64-apple-macosx/debug/libconvexmobile.a[508](kyber768r3_ref.c.o)) was built for newer 'macOS' version (26.2) than being linked (14.0)
ld: warning: object file (/Users/hans/Code/GAMES/kill zone/ios/VictoriaKillZone/.build/arm64-apple-macosx/debug/libconvexmobile.a[509](kyber1024r3_ref.c.o)) was built for newer 'macOS' version (26.2) than being linked (14.0)
ld: warning: object file (/Users/hans/Code/GAMES/kill zone/ios/VictoriaKillZone/.build/arm64-apple-macosx/debug/libconvexmobile.a[510](fips202.c.o)) was built for newer 'macOS' version (26.2) than being linked (14.0)
ld: warning: object file (/Users/hans/Code/GAMES/kill zone/ios/VictoriaKillZone/.build/arm64-apple-macosx/debug/libconvexmobile.a[511](kem_kyber.c.o)) was built for newer 'macOS' version (26.2) than being linked (14.0)
ld: warning: object file (/Users/hans/Code/GAMES/kill zone/ios/VictoriaKillZone/.build/arm64-apple-macosx/debug/libconvexmobile.a[512](lhash.c.o)) was built for newer 'macOS' version (26.2) than being linked (14.0)
ld: warning: object file (/Users/hans/Code/GAMES/kill zone/ios/VictoriaKillZone/.build/arm64-apple-macosx/debug/libconvexmobile.a[513](mem.c.o)) was built for newer 'macOS' version (26.2) than being linked (14.0)
ld: warning: object file (/Users/hans/Code/GAMES/kill zone/ios/VictoriaKillZone/.build/arm64-apple-macosx/debug/libconvexmobile.a[514](obj.c.o)) was built for newer 'macOS' version (26.2) than being linked (14.0)
ld: warning: object file (/Users/hans/Code/GAMES/kill zone/ios/VictoriaKillZone/.build/arm64-apple-macosx/debug/libconvexmobile.a[515](obj_xref.c.o)) was built for newer 'macOS' version (26.2) than being linked (14.0)
ld: warning: object file (/Users/hans/Code/GAMES/kill zone/ios/VictoriaKillZone/.build/arm64-apple-macosx/debug/libconvexmobile.a[539](poly1305.c.o)) was built for newer 'macOS' version (26.2) than being linked (14.0)
ld: warning: object file (/Users/hans/Code/GAMES/kill zone/ios/VictoriaKillZone/.build/arm64-apple-macosx/debug/libconvexmobile.a[545](getentropy.c.o)) was built for newer 'macOS' version (26.2) than being linked (14.0)
ld: warning: object file (/Users/hans/Code/GAMES/kill zone/ios/VictoriaKillZone/.build/arm64-apple-macosx/debug/libconvexmobile.a[547](snapsafe_fallback.c.o)) was built for newer 'macOS' version (26.2) than being linked (14.0)
ld: warning: object file (/Users/hans/Code/GAMES/kill zone/ios/VictoriaKillZone/.build/arm64-apple-macosx/debug/libconvexmobile.a[551](refcount_c11.c.o)) was built for newer 'macOS' version (26.2) than being linked (14.0)
ld: warning: object file (/Users/hans/Code/GAMES/kill zone/ios/VictoriaKillZone/.build/arm64-apple-macosx/debug/libconvexmobile.a[554](rsa_asn1.c.o)) was built for newer 'macOS' version (26.2) than being linked (14.0)
ld: warning: object file (/Users/hans/Code/GAMES/kill zone/ios/VictoriaKillZone/.build/arm64-apple-macosx/debug/libconvexmobile.a[555](rsassa_pss_asn1.c.o)) was built for newer 'macOS' version (26.2) than being linked (14.0)
ld: warning: object file (/Users/hans/Code/GAMES/kill zone/ios/VictoriaKillZone/.build/arm64-apple-macosx/debug/libconvexmobile.a[556](rsa_crypt.c.o)) was built for newer 'macOS' version (26.2) than being linked (14.0)
ld: warning: object file (/Users/hans/Code/GAMES/kill zone/ios/VictoriaKillZone/.build/arm64-apple-macosx/debug/libconvexmobile.a[558](stack.c.o)) was built for newer 'macOS' version (26.2) than being linked (14.0)
ld: warning: object file (/Users/hans/Code/GAMES/kill zone/ios/VictoriaKillZone/.build/arm64-apple-macosx/debug/libconvexmobile.a[563](thread_pthread.c.o)) was built for newer 'macOS' version (26.2) than being linked (14.0)
ld: warning: object file (/Users/hans/Code/GAMES/kill zone/ios/VictoriaKillZone/.build/arm64-apple-macosx/debug/libconvexmobile.a[568](ube.c.o)) was built for newer 'macOS' version (26.2) than being linked (14.0)
ld: warning: object file (/Users/hans/Code/GAMES/kill zone/ios/VictoriaKillZone/.build/arm64-apple-macosx/debug/libconvexmobile.a[569](fork_detect.c.o)) was built for newer 'macOS' version (26.2) than being linked (14.0)
ld: warning: object file (/Users/hans/Code/GAMES/kill zone/ios/VictoriaKillZone/.build/arm64-apple-macosx/debug/libconvexmobile.a[570](snapsafe_detect.c.o)) was built for newer 'macOS' version (26.2) than being linked (14.0)
ld: warning: object file (/Users/hans/Code/GAMES/kill zone/ios/VictoriaKillZone/.build/arm64-apple-macosx/debug/libconvexmobile.a[645](cfb.c.o)) was built for newer 'macOS' version (26.2) than being linked (14.0)
ld: warning: object file (/Users/hans/Code/GAMES/kill zone/ios/VictoriaKillZone/.build/arm64-apple-macosx/debug/libconvexmobile.a[649](ripemd.c.o)) was built for newer 'macOS' version (26.2) than being linked (14.0)
ld: warning: object file (/Users/hans/Code/GAMES/kill zone/ios/VictoriaKillZone/.build/arm64-apple-macosx/debug/libconvexmobile.a[652](chacha-armv8.S.o)) was built for newer 'macOS' version (26.2) than being linked (14.0)
ld: warning: object file (/Users/hans/Code/GAMES/kill zone/ios/VictoriaKillZone/.build/arm64-apple-macosx/debug/libconvexmobile.a[654](chacha20_poly1305_armv8.S.o)) was built for newer 'macOS' version (26.2) than being linked (14.0)
ld: warning: object file (/Users/hans/Code/GAMES/kill zone/ios/VictoriaKillZone/.build/arm64-apple-macosx/debug/libconvexmobile.a[655](bcm.c.o)) was built for newer 'macOS' version (26.2) than being linked (14.0)
ld: warning: object file (/Users/hans/Code/GAMES/kill zone/ios/VictoriaKillZone/.build/arm64-apple-macosx/debug/libconvexmobile.a[657](cpucap.c.o)) was built for newer 'macOS' version (26.2) than being linked (14.0)
ld: warning: object file (/Users/hans/Code/GAMES/kill zone/ios/VictoriaKillZone/.build/arm64-apple-macosx/debug/libconvexmobile.a[658](aesv8-armx.S.o)) was built for newer 'macOS' version (26.2) than being linked (14.0)
ld: warning: object file (/Users/hans/Code/GAMES/kill zone/ios/VictoriaKillZone/.build/arm64-apple-macosx/debug/libconvexmobile.a[659](aesv8-gcm-armv8.S.o)) was built for newer 'macOS' version (26.2) than being linked (14.0)
ld: warning: object file (/Users/hans/Code/GAMES/kill zone/ios/VictoriaKillZone/.build/arm64-apple-macosx/debug/libconvexmobile.a[660](aesv8-gcm-armv8-unroll8.S.o)) was built for newer 'macOS' version (26.2) than being linked (14.0)
ld: warning: object file (/Users/hans/Code/GAMES/kill zone/ios/VictoriaKillZone/.build/arm64-apple-macosx/debug/libconvexmobile.a[661](armv8-mont.S.o)) was built for newer 'macOS' version (26.2) than being linked (14.0)
ld: warning: object file (/Users/hans/Code/GAMES/kill zone/ios/VictoriaKillZone/.build/arm64-apple-macosx/debug/libconvexmobile.a[662](bn-armv8.S.o)) was built for newer 'macOS' version (26.2) than being linked (14.0)
ld: warning: object file (/Users/hans/Code/GAMES/kill zone/ios/VictoriaKillZone/.build/arm64-apple-macosx/debug/libconvexmobile.a[663](ghash-neon-armv8.S.o)) was built for newer 'macOS' version (26.2) than being linked (14.0)
ld: warning: object file (/Users/hans/Code/GAMES/kill zone/ios/VictoriaKillZone/.build/arm64-apple-macosx/debug/libconvexmobile.a[664](ghashv8-armx.S.o)) was built for newer 'macOS' version (26.2) than being linked (14.0)
ld: warning: object file (/Users/hans/Code/GAMES/kill zone/ios/VictoriaKillZone/.build/arm64-apple-macosx/debug/libconvexmobile.a[665](keccak1600-armv8.S.o)) was built for newer 'macOS' version (26.2) than being linked (14.0)
ld: warning: object file (/Users/hans/Code/GAMES/kill zone/ios/VictoriaKillZone/.build/arm64-apple-macosx/debug/libconvexmobile.a[666](md5-armv8.S.o)) was built for newer 'macOS' version (26.2) than being linked (14.0)
ld: warning: object file (/Users/hans/Code/GAMES/kill zone/ios/VictoriaKillZone/.build/arm64-apple-macosx/debug/libconvexmobile.a[667](p256-armv8-asm.S.o)) was built for newer 'macOS' version (26.2) than being linked (14.0)
ld: warning: object file (/Users/hans/Code/GAMES/kill zone/ios/VictoriaKillZone/.build/arm64-apple-macosx/debug/libconvexmobile.a[668](p256_beeu-armv8-asm.S.o)) was built for newer 'macOS' version (26.2) than being linked (14.0)
ld: warning: object file (/Users/hans/Code/GAMES/kill zone/ios/VictoriaKillZone/.build/arm64-apple-macosx/debug/libconvexmobile.a[669](rndr-armv8.S.o)) was built for newer 'macOS' version (26.2) than being linked (14.0)
ld: warning: object file (/Users/hans/Code/GAMES/kill zone/ios/VictoriaKillZone/.build/arm64-apple-macosx/debug/libconvexmobile.a[670](sha1-armv8.S.o)) was built for newer 'macOS' version (26.2) than being linked (14.0)
ld: warning: object file (/Users/hans/Code/GAMES/kill zone/ios/VictoriaKillZone/.build/arm64-apple-macosx/debug/libconvexmobile.a[671](sha256-armv8.S.o)) was built for newer 'macOS' version (26.2) than being linked (14.0)
ld: warning: object file (/Users/hans/Code/GAMES/kill zone/ios/VictoriaKillZone/.build/arm64-apple-macosx/debug/libconvexmobile.a[672](sha512-armv8.S.o)) was built for newer 'macOS' version (26.2) than being linked (14.0)
ld: warning: object file (/Users/hans/Code/GAMES/kill zone/ios/VictoriaKillZone/.build/arm64-apple-macosx/debug/libconvexmobile.a[673](vpaes-armv8.S.o)) was built for newer 'macOS' version (26.2) than being linked (14.0)
ld: warning: object file (/Users/hans/Code/GAMES/kill zone/ios/VictoriaKillZone/.build/arm64-apple-macosx/debug/libconvexmobile.a[674](p256_montjscalarmul.S.o)) was built for newer 'macOS' version (26.2) than being linked (14.0)
ld: warning: object file (/Users/hans/Code/GAMES/kill zone/ios/VictoriaKillZone/.build/arm64-apple-macosx/debug/libconvexmobile.a[675](p256_montjscalarmul_alt.S.o)) was built for newer 'macOS' version (26.2) than being linked (14.0)
ld: warning: object file (/Users/hans/Code/GAMES/kill zone/ios/VictoriaKillZone/.build/arm64-apple-macosx/debug/libconvexmobile.a[676](bignum_montinv_p256.S.o)) was built for newer 'macOS' version (26.2) than being linked (14.0)
ld: warning: object file (/Users/hans/Code/GAMES/kill zone/ios/VictoriaKillZone/.build/arm64-apple-macosx/debug/libconvexmobile.a[677](bignum_add_p384.S.o)) was built for newer 'macOS' version (26.2) than being linked (14.0)
ld: warning: object file (/Users/hans/Code/GAMES/kill zone/ios/VictoriaKillZone/.build/arm64-apple-macosx/debug/libconvexmobile.a[678](bignum_sub_p384.S.o)) was built for newer 'macOS' version (26.2) than being linked (14.0)
ld: warning: object file (/Users/hans/Code/GAMES/kill zone/ios/VictoriaKillZone/.build/arm64-apple-macosx/debug/libconvexmobile.a[679](bignum_neg_p384.S.o)) was built for newer 'macOS' version (26.2) than being linked (14.0)
ld: warning: object file (/Users/hans/Code/GAMES/kill zone/ios/VictoriaKillZone/.build/arm64-apple-macosx/debug/libconvexmobile.a[680](bignum_tomont_p384.S.o)) was built for newer 'macOS' version (26.2) than being linked (14.0)
ld: warning: object file (/Users/hans/Code/GAMES/kill zone/ios/VictoriaKillZone/.build/arm64-apple-macosx/debug/libconvexmobile.a[681](bignum_deamont_p384.S.o)) was built for newer 'macOS' version (26.2) than being linked (14.0)
ld: warning: object file (/Users/hans/Code/GAMES/kill zone/ios/VictoriaKillZone/.build/arm64-apple-macosx/debug/libconvexmobile.a[682](bignum_montmul_p384.S.o)) was built for newer 'macOS' version (26.2) than being linked (14.0)
ld: warning: object file (/Users/hans/Code/GAMES/kill zone/ios/VictoriaKillZone/.build/arm64-apple-macosx/debug/libconvexmobile.a[683](bignum_montmul_p384_alt.S.o)) was built for newer 'macOS' version (26.2) than being linked (14.0)
ld: warning: object file (/Users/hans/Code/GAMES/kill zone/ios/VictoriaKillZone/.build/arm64-apple-macosx/debug/libconvexmobile.a[684](bignum_montsqr_p384.S.o)) was built for newer 'macOS' version (26.2) than being linked (14.0)
ld: warning: object file (/Users/hans/Code/GAMES/kill zone/ios/VictoriaKillZone/.build/arm64-apple-macosx/debug/libconvexmobile.a[685](bignum_montsqr_p384_alt.S.o)) was built for newer 'macOS' version (26.2) than being linked (14.0)
ld: warning: object file (/Users/hans/Code/GAMES/kill zone/ios/VictoriaKillZone/.build/arm64-apple-macosx/debug/libconvexmobile.a[686](bignum_nonzero_6.S.o)) was built for newer 'macOS' version (26.2) than being linked (14.0)
ld: warning: object file (/Users/hans/Code/GAMES/kill zone/ios/VictoriaKillZone/.build/arm64-apple-macosx/debug/libconvexmobile.a[687](bignum_littleendian_6.S.o)) was built for newer 'macOS' version (26.2) than being linked (14.0)
ld: warning: object file (/Users/hans/Code/GAMES/kill zone/ios/VictoriaKillZone/.build/arm64-apple-macosx/debug/libconvexmobile.a[688](p384_montjdouble.S.o)) was built for newer 'macOS' version (26.2) than being linked (14.0)
ld: warning: object file (/Users/hans/Code/GAMES/kill zone/ios/VictoriaKillZone/.build/arm64-apple-macosx/debug/libconvexmobile.a[689](p384_montjdouble_alt.S.o)) was built for newer 'macOS' version (26.2) than being linked (14.0)
ld: warning: object file (/Users/hans/Code/GAMES/kill zone/ios/VictoriaKillZone/.build/arm64-apple-macosx/debug/libconvexmobile.a[690](p384_montjscalarmul.S.o)) was built for newer 'macOS' version (26.2) than being linked (14.0)
ld: warning: object file (/Users/hans/Code/GAMES/kill zone/ios/VictoriaKillZone/.build/arm64-apple-macosx/debug/libconvexmobile.a[691](p384_montjscalarmul_alt.S.o)) was built for newer 'macOS' version (26.2) than being linked (14.0)
ld: warning: object file (/Users/hans/Code/GAMES/kill zone/ios/VictoriaKillZone/.build/arm64-apple-macosx/debug/libconvexmobile.a[692](bignum_montinv_p384.S.o)) was built for newer 'macOS' version (26.2) than being linked (14.0)
ld: warning: object file (/Users/hans/Code/GAMES/kill zone/ios/VictoriaKillZone/.build/arm64-apple-macosx/debug/libconvexmobile.a[693](bignum_add_p521.S.o)) was built for newer 'macOS' version (26.2) than being linked (14.0)
ld: warning: object file (/Users/hans/Code/GAMES/kill zone/ios/VictoriaKillZone/.build/arm64-apple-macosx/debug/libconvexmobile.a[694](bignum_sub_p521.S.o)) was built for newer 'macOS' version (26.2) than being linked (14.0)
ld: warning: object file (/Users/hans/Code/GAMES/kill zone/ios/VictoriaKillZone/.build/arm64-apple-macosx/debug/libconvexmobile.a[695](bignum_neg_p521.S.o)) was built for newer 'macOS' version (26.2) than being linked (14.0)
ld: warning: object file (/Users/hans/Code/GAMES/kill zone/ios/VictoriaKillZone/.build/arm64-apple-macosx/debug/libconvexmobile.a[696](bignum_mul_p521.S.o)) was built for newer 'macOS' version (26.2) than being linked (14.0)
ld: warning: object file (/Users/hans/Code/GAMES/kill zone/ios/VictoriaKillZone/.build/arm64-apple-macosx/debug/libconvexmobile.a[697](bignum_mul_p521_alt.S.o)) was built for newer 'macOS' version (26.2) than being linked (14.0)
ld: warning: object file (/Users/hans/Code/GAMES/kill zone/ios/VictoriaKillZone/.build/arm64-apple-macosx/debug/libconvexmobile.a[698](bignum_sqr_p521.S.o)) was built for newer 'macOS' version (26.2) than being linked (14.0)
ld: warning: object file (/Users/hans/Code/GAMES/kill zone/ios/VictoriaKillZone/.build/arm64-apple-macosx/debug/libconvexmobile.a[699](bignum_sqr_p521_alt.S.o)) was built for newer 'macOS' version (26.2) than being linked (14.0)
ld: warning: object file (/Users/hans/Code/GAMES/kill zone/ios/VictoriaKillZone/.build/arm64-apple-macosx/debug/libconvexmobile.a[700](bignum_tolebytes_p521.S.o)) was built for newer 'macOS' version (26.2) than being linked (14.0)
ld: warning: object file (/Users/hans/Code/GAMES/kill zone/ios/VictoriaKillZone/.build/arm64-apple-macosx/debug/libconvexmobile.a[701](bignum_fromlebytes_p521.S.o)) was built for newer 'macOS' version (26.2) than being linked (14.0)
ld: warning: object file (/Users/hans/Code/GAMES/kill zone/ios/VictoriaKillZone/.build/arm64-apple-macosx/debug/libconvexmobile.a[702](p521_jdouble.S.o)) was built for newer 'macOS' version (26.2) than being linked (14.0)
ld: warning: object file (/Users/hans/Code/GAMES/kill zone/ios/VictoriaKillZone/.build/arm64-apple-macosx/debug/libconvexmobile.a[703](p521_jdouble_alt.S.o)) was built for newer 'macOS' version (26.2) than being linked (14.0)
ld: warning: object file (/Users/hans/Code/GAMES/kill zone/ios/VictoriaKillZone/.build/arm64-apple-macosx/debug/libconvexmobile.a[704](p521_jscalarmul.S.o)) was built for newer 'macOS' version (26.2) than being linked (14.0)
ld: warning: object file (/Users/hans/Code/GAMES/kill zone/ios/VictoriaKillZone/.build/arm64-apple-macosx/debug/libconvexmobile.a[705](p521_jscalarmul_alt.S.o)) was built for newer 'macOS' version (26.2) than being linked (14.0)
ld: warning: object file (/Users/hans/Code/GAMES/kill zone/ios/VictoriaKillZone/.build/arm64-apple-macosx/debug/libconvexmobile.a[706](bignum_inv_p521.S.o)) was built for newer 'macOS' version (26.2) than being linked (14.0)
ld: warning: object file (/Users/hans/Code/GAMES/kill zone/ios/VictoriaKillZone/.build/arm64-apple-macosx/debug/libconvexmobile.a[707](bignum_mod_n25519.S.o)) was built for newer 'macOS' version (26.2) than being linked (14.0)
ld: warning: object file (/Users/hans/Code/GAMES/kill zone/ios/VictoriaKillZone/.build/arm64-apple-macosx/debug/libconvexmobile.a[708](bignum_neg_p25519.S.o)) was built for newer 'macOS' version (26.2) than being linked (14.0)
ld: warning: object file (/Users/hans/Code/GAMES/kill zone/ios/VictoriaKillZone/.build/arm64-apple-macosx/debug/libconvexmobile.a[709](bignum_madd_n25519.S.o)) was built for newer 'macOS' version (26.2) than being linked (14.0)
ld: warning: object file (/Users/hans/Code/GAMES/kill zone/ios/VictoriaKillZone/.build/arm64-apple-macosx/debug/libconvexmobile.a[710](bignum_madd_n25519_alt.S.o)) was built for newer 'macOS' version (26.2) than being linked (14.0)
ld: warning: object file (/Users/hans/Code/GAMES/kill zone/ios/VictoriaKillZone/.build/arm64-apple-macosx/debug/libconvexmobile.a[711](edwards25519_decode.S.o)) was built for newer 'macOS' version (26.2) than being linked (14.0)
ld: warning: object file (/Users/hans/Code/GAMES/kill zone/ios/VictoriaKillZone/.build/arm64-apple-macosx/debug/libconvexmobile.a[712](edwards25519_decode_alt.S.o)) was built for newer 'macOS' version (26.2) than being linked (14.0)
ld: warning: object file (/Users/hans/Code/GAMES/kill zone/ios/VictoriaKillZone/.build/arm64-apple-macosx/debug/libconvexmobile.a[713](edwards25519_encode.S.o)) was built for newer 'macOS' version (26.2) than being linked (14.0)
ld: warning: object file (/Users/hans/Code/GAMES/kill zone/ios/VictoriaKillZone/.build/arm64-apple-macosx/debug/libconvexmobile.a[714](edwards25519_scalarmulbase.S.o)) was built for newer 'macOS' version (26.2) than being linked (14.0)
ld: warning: object file (/Users/hans/Code/GAMES/kill zone/ios/VictoriaKillZone/.build/arm64-apple-macosx/debug/libconvexmobile.a[715](edwards25519_scalarmulbase_alt.S.o)) was built for newer 'macOS' version (26.2) than being linked (14.0)
ld: warning: object file (/Users/hans/Code/GAMES/kill zone/ios/VictoriaKillZone/.build/arm64-apple-macosx/debug/libconvexmobile.a[716](edwards25519_scalarmuldouble.S.o)) was built for newer 'macOS' version (26.2) than being linked (14.0)
ld: warning: object file (/Users/hans/Code/GAMES/kill zone/ios/VictoriaKillZone/.build/arm64-apple-macosx/debug/libconvexmobile.a[717](edwards25519_scalarmuldouble_alt.S.o)) was built for newer 'macOS' version (26.2) than being linked (14.0)
ld: warning: object file (/Users/hans/Code/GAMES/kill zone/ios/VictoriaKillZone/.build/arm64-apple-macosx/debug/libconvexmobile.a[718](curve25519_x25519_byte.S.o)) was built for newer 'macOS' version (26.2) than being linked (14.0)
ld: warning: object file (/Users/hans/Code/GAMES/kill zone/ios/VictoriaKillZone/.build/arm64-apple-macosx/debug/libconvexmobile.a[719](curve25519_x25519_byte_alt.S.o)) was built for newer 'macOS' version (26.2) than being linked (14.0)
ld: warning: object file (/Users/hans/Code/GAMES/kill zone/ios/VictoriaKillZone/.build/arm64-apple-macosx/debug/libconvexmobile.a[720](curve25519_x25519base_byte.S.o)) was built for newer 'macOS' version (26.2) than being linked (14.0)
ld: warning: object file (/Users/hans/Code/GAMES/kill zone/ios/VictoriaKillZone/.build/arm64-apple-macosx/debug/libconvexmobile.a[721](curve25519_x25519base_byte_alt.S.o)) was built for newer 'macOS' version (26.2) than being linked (14.0)
ld: warning: object file (/Users/hans/Code/GAMES/kill zone/ios/VictoriaKillZone/.build/arm64-apple-macosx/debug/libconvexmobile.a[722](bignum_kmul_16_32.S.o)) was built for newer 'macOS' version (26.2) than being linked (14.0)
ld: warning: object file (/Users/hans/Code/GAMES/kill zone/ios/VictoriaKillZone/.build/arm64-apple-macosx/debug/libconvexmobile.a[723](bignum_kmul_32_64.S.o)) was built for newer 'macOS' version (26.2) than being linked (14.0)
ld: warning: object file (/Users/hans/Code/GAMES/kill zone/ios/VictoriaKillZone/.build/arm64-apple-macosx/debug/libconvexmobile.a[724](bignum_ksqr_16_32.S.o)) was built for newer 'macOS' version (26.2) than being linked (14.0)
ld: warning: object file (/Users/hans/Code/GAMES/kill zone/ios/VictoriaKillZone/.build/arm64-apple-macosx/debug/libconvexmobile.a[725](bignum_ksqr_32_64.S.o)) was built for newer 'macOS' version (26.2) than being linked (14.0)
ld: warning: object file (/Users/hans/Code/GAMES/kill zone/ios/VictoriaKillZone/.build/arm64-apple-macosx/debug/libconvexmobile.a[726](bignum_emontredc_8n.S.o)) was built for newer 'macOS' version (26.2) than being linked (14.0)
ld: warning: object file (/Users/hans/Code/GAMES/kill zone/ios/VictoriaKillZone/.build/arm64-apple-macosx/debug/libconvexmobile.a[727](bignum_ge.S.o)) was built for newer 'macOS' version (26.2) than being linked (14.0)
ld: warning: object file (/Users/hans/Code/GAMES/kill zone/ios/VictoriaKillZone/.build/arm64-apple-macosx/debug/libconvexmobile.a[728](bignum_mul.S.o)) was built for newer 'macOS' version (26.2) than being linked (14.0)
ld: warning: object file (/Users/hans/Code/GAMES/kill zone/ios/VictoriaKillZone/.build/arm64-apple-macosx/debug/libconvexmobile.a[729](bignum_optsub.S.o)) was built for newer 'macOS' version (26.2) than being linked (14.0)
ld: warning: object file (/Users/hans/Code/GAMES/kill zone/ios/VictoriaKillZone/.build/arm64-apple-macosx/debug/libconvexmobile.a[730](bignum_sqr.S.o)) was built for newer 'macOS' version (26.2) than being linked (14.0)
ld: warning: object file (/Users/hans/Code/GAMES/kill zone/ios/VictoriaKillZone/.build/arm64-apple-macosx/debug/libconvexmobile.a[731](bignum_copy_row_from_table.S.o)) was built for newer 'macOS' version (26.2) than being linked (14.0)
ld: warning: object file (/Users/hans/Code/GAMES/kill zone/ios/VictoriaKillZone/.build/arm64-apple-macosx/debug/libconvexmobile.a[732](bignum_copy_row_from_table_8n.S.o)) was built for newer 'macOS' version (26.2) than being linked (14.0)
ld: warning: object file (/Users/hans/Code/GAMES/kill zone/ios/VictoriaKillZone/.build/arm64-apple-macosx/debug/libconvexmobile.a[733](bignum_copy_row_from_table_16.S.o)) was built for newer 'macOS' version (26.2) than being linked (14.0)
ld: warning: object file (/Users/hans/Code/GAMES/kill zone/ios/VictoriaKillZone/.build/arm64-apple-macosx/debug/libconvexmobile.a[734](bignum_copy_row_from_table_32.S.o)) was built for newer 'macOS' version (26.2) than being linked (14.0)
ld: warning: object file (/Users/hans/Code/GAMES/kill zone/ios/VictoriaKillZone/.build/arm64-apple-macosx/debug/libconvexmobile.a[735](sha3_keccak_f1600.S.o)) was built for newer 'macOS' version (26.2) than being linked (14.0)
ld: warning: object file (/Users/hans/Code/GAMES/kill zone/ios/VictoriaKillZone/.build/arm64-apple-macosx/debug/libconvexmobile.a[736](sha3_keccak4_f1600_alt.S.o)) was built for newer 'macOS' version (26.2) than being linked (14.0)
ld: warning: object file (/Users/hans/Code/GAMES/kill zone/ios/VictoriaKillZone/.build/arm64-apple-macosx/debug/libconvexmobile.a[737](sha3_keccak_f1600_alt.S.o)) was built for newer 'macOS' version (26.2) than being linked (14.0)
ld: warning: object file (/Users/hans/Code/GAMES/kill zone/ios/VictoriaKillZone/.build/arm64-apple-macosx/debug/libconvexmobile.a[738](sha3_keccak2_f1600.S.o)) was built for newer 'macOS' version (26.2) than being linked (14.0)
ld: warning: object file (/Users/hans/Code/GAMES/kill zone/ios/VictoriaKillZone/.build/arm64-apple-macosx/debug/libconvexmobile.a[739](sha3_keccak4_f1600_alt2.S.o)) was built for newer 'macOS' version (26.2) than being linked (14.0)
ld: warning: object file (/Users/hans/Code/GAMES/kill zone/ios/VictoriaKillZone/.build/arm64-apple-macosx/debug/libconvexmobile.a[740](aes-xts-enc.S.o)) was built for newer 'macOS' version (26.2) than being linked (14.0)
ld: warning: object file (/Users/hans/Code/GAMES/kill zone/ios/VictoriaKillZone/.build/arm64-apple-macosx/debug/libconvexmobile.a[741](aes-xts-dec.S.o)) was built for newer 'macOS' version (26.2) than being linked (14.0)
ld: warning: object file (/Users/hans/Code/GAMES/kill zone/ios/VictoriaKillZone/.build/arm64-apple-macosx/debug/libconvexmobile.a[742](intt.S.o)) was built for newer 'macOS' version (26.2) than being linked (14.0)
ld: warning: object file (/Users/hans/Code/GAMES/kill zone/ios/VictoriaKillZone/.build/arm64-apple-macosx/debug/libconvexmobile.a[743](ntt.S.o)) was built for newer 'macOS' version (26.2) than being linked (14.0)
ld: warning: object file (/Users/hans/Code/GAMES/kill zone/ios/VictoriaKillZone/.build/arm64-apple-macosx/debug/libconvexmobile.a[744](poly_mulcache_compute_asm.S.o)) was built for newer 'macOS' version (26.2) than being linked (14.0)
ld: warning: object file (/Users/hans/Code/GAMES/kill zone/ios/VictoriaKillZone/.build/arm64-apple-macosx/debug/libconvexmobile.a[745](poly_reduce_asm.S.o)) was built for newer 'macOS' version (26.2) than being linked (14.0)
ld: warning: object file (/Users/hans/Code/GAMES/kill zone/ios/VictoriaKillZone/.build/arm64-apple-macosx/debug/libconvexmobile.a[746](poly_tobytes_asm.S.o)) was built for newer 'macOS' version (26.2) than being linked (14.0)
ld: warning: object file (/Users/hans/Code/GAMES/kill zone/ios/VictoriaKillZone/.build/arm64-apple-macosx/debug/libconvexmobile.a[747](poly_tomont_asm.S.o)) was built for newer 'macOS' version (26.2) than being linked (14.0)
ld: warning: object file (/Users/hans/Code/GAMES/kill zone/ios/VictoriaKillZone/.build/arm64-apple-macosx/debug/libconvexmobile.a[748](polyvec_basemul_acc_montgomery_cached_asm_k2.S.o)) was built for newer 'macOS' version (26.2) than being linked (14.0)
ld: warning: object file (/Users/hans/Code/GAMES/kill zone/ios/VictoriaKillZone/.build/arm64-apple-macosx/debug/libconvexmobile.a[749](polyvec_basemul_acc_montgomery_cached_asm_k3.S.o)) was built for newer 'macOS' version (26.2) than being linked (14.0)
ld: warning: object file (/Users/hans/Code/GAMES/kill zone/ios/VictoriaKillZone/.build/arm64-apple-macosx/debug/libconvexmobile.a[750](polyvec_basemul_acc_montgomery_cached_asm_k4.S.o)) was built for newer 'macOS' version (26.2) than being linked (14.0)
ld: warning: object file (/Users/hans/Code/GAMES/kill zone/ios/VictoriaKillZone/.build/arm64-apple-macosx/debug/libconvexmobile.a[751](rej_uniform_asm.S.o)) was built for newer 'macOS' version (26.2) than being linked (14.0)
ld: warning: object file (/Users/hans/Code/GAMES/kill zone/ios/VictoriaKillZone/.build/arm64-apple-macosx/debug/libconvexmobile.a[752](jitterentropy-base.c.o)) was built for newer 'macOS' version (26.2) than being linked (14.0)
ld: warning: object file (/Users/hans/Code/GAMES/kill zone/ios/VictoriaKillZone/.build/arm64-apple-macosx/debug/libconvexmobile.a[753](jitterentropy-gcd.c.o)) was built for newer 'macOS' version (26.2) than being linked (14.0)
ld: warning: object file (/Users/hans/Code/GAMES/kill zone/ios/VictoriaKillZone/.build/arm64-apple-macosx/debug/libconvexmobile.a[754](jitterentropy-health.c.o)) was built for newer 'macOS' version (26.2) than being linked (14.0)
ld: warning: object file (/Users/hans/Code/GAMES/kill zone/ios/VictoriaKillZone/.build/arm64-apple-macosx/debug/libconvexmobile.a[755](jitterentropy-noise.c.o)) was built for newer 'macOS' version (26.2) than being linked (14.0)
ld: warning: object file (/Users/hans/Code/GAMES/kill zone/ios/VictoriaKillZone/.build/arm64-apple-macosx/debug/libconvexmobile.a[756](jitterentropy-sha3.c.o)) was built for newer 'macOS' version (26.2) than being linked (14.0)
